../Drivers/CMSIS/Include/core_cm4.h:1684:22:__NVIC_EnableIRQ	16	static,ignoring_inline_asm
../Drivers/CMSIS/Include/core_cm4.h:1814:22:__NVIC_SetPriority	16	static
../Core/Src/dshot.c:34:24:get_port_mask	24	static
../Core/Src/dshot.c:45:20:get_all_ports_masks	24	static
../Core/Src/dshot.c:54:6:preset_bb_Dshot_buffers	56	static
../Core/Src/dshot.c:99:6:fill_bb_Dshot_buffers	40	static
../Core/Src/dshot.c:138:10:prepare_Dshot_package	24	static
../Core/Src/dshot.c:145:6:set_idle_on_ports	48	static
../Core/Src/dshot.c:158:6:update_motors_Tx_Only	8	static,ignoring_inline_asm
../Core/Src/dshot.c:210:6:setup_Dshot_Tx_Only	32	static
../Core/Src/dshot.c:304:10:get_BDshot_response	40	static
../Core/Src/dshot.c:359:6:BDshot_check_checksum	24	static
../Core/Src/dshot.c:366:6:read_BDshot_response	40	static
../Core/Src/dshot.c:400:6:process_telemetry_with_new_method	8	static
../Core/Src/dshot.c:412:6:pid_reset_all	16	static
../Core/Src/dshot.c:422:6:pid_reset_motor	16	static
../Core/Src/dshot.c:439:10:pid_calculate_command	88	static
