../Core/Src/stm32f4xx_it.c:80:6:NMI_Handler	4	static
../Core/Src/stm32f4xx_it.c:97:6:MemManage_Handler	4	static
../Core/Src/stm32f4xx_it.c:112:6:BusFault_Handler	4	static
../Core/Src/stm32f4xx_it.c:127:6:UsageFault_Handler	4	static
../Core/Src/stm32f4xx_it.c:142:6:SVC_Handler	4	static
../Core/Src/stm32f4xx_it.c:155:6:DebugMon_Handler	4	static
../Core/Src/stm32f4xx_it.c:168:6:PendSV_Handler	4	static
../Core/Src/stm32f4xx_it.c:181:6:SysTick_Handler	8	static
../Core/Src/stm32f4xx_it.c:202:6:DMA1_Stream5_IRQHandler	8	static
../Core/Src/stm32f4xx_it.c:216:6:DMA1_Stream6_IRQHandler	8	static
../Core/Src/stm32f4xx_it.c:231:6:USART1_IRQHandler	8	static
../Core/Src/stm32f4xx_it.c:246:6:DMA2_Stream2_IRQHandler	8	static
../Core/Src/stm32f4xx_it.c:262:6:DMA2_Stream7_IRQHandler	8	static
../Core/Src/stm32f4xx_it.c:274:6:USART2_IRQHandler	16	static
